******************************************************************************
                  TI ARM Linker PC v20.2.7                     
******************************************************************************
>> Linked Tue Jan 14 03:50:10 2025

OUTPUT FILE NAME:   <proje5.out>
ENTRY POINT SYMBOL: "_c_int00_noinit_noargs"  address: 000005c5


MEMORY CONFIGURATION

         name            origin    length      used     unused   attr    fill
----------------------  --------  ---------  --------  --------  ----  --------
  FLASH                 00000000   00040000  000006de  0003f922  R  X
  SRAM                  20000000   00008000  00000200  00007e00  RW X


SEGMENT ALLOCATION MAP

run origin  load origin   length   init length attrs members
----------  ----------- ---------- ----------- ----- -------
00000000    00000000    000006e0   000006e0    r-x
  00000000    00000000    0000026c   0000026c    r-- .intvecs
  0000026c    0000026c    00000406   00000406    r-x .text
  00000674    00000674    0000006c   0000006c    r-- .const
20000000    20000000    00000200   00000000    rw-
  20000000    20000000    00000200   00000000    rw- .stack


SECTION ALLOCATION MAP

 output                                  attributes/
section   page    origin      length       input sections
--------  ----  ----------  ----------   ----------------
.intvecs   0    00000000    0000026c     
                  00000000    0000026c     tm4c123gh6pm_startup_ccs.obj (.intvecs)

.text      0    0000026c    00000406     
                  0000026c    00000118     driverlib.lib : sysctl.obj (.text:SysCtlClockGet)
                  00000384    000000f4                   : sysctl.obj (.text:SysCtlClockSet)
                  00000478    00000064                   : hibernate.obj (.text:HibernateWakeSet)
                  000004dc    00000050     main.obj (.text)
                  0000052c    00000038     driverlib.lib : sysctl.obj (.text:SysCtlPeripheralReady)
                  00000564    00000034                   : sysctl.obj (.text:SysCtlPeripheralEnable)
                  00000598    0000002c                   : hibernate.obj (.text:HibernateRTCSet)
                  000005c4    0000002c     rtsv7M4_T_le_v4SPD16_eabi.lib : boot_cortex_m.c.obj (.text:_c_int00_noinit_noargs:_c_int00_noinit_noargs)
                  000005f0    00000014     driverlib.lib : hibernate.obj (.text:HibernateEnableExpClk)
                  00000604    00000014                   : hibernate.obj (.text:HibernateRTCEnable)
                  00000618    00000014                   : hibernate.obj (.text:HibernateRequest)
                  0000062c    00000010                   : hibernate.obj (.text:HibernateRTCMatchSet)
                  0000063c    00000010                   : hibernate.obj (.text:_HibernateWriteComplete)
                  0000064c    0000000c                   : hibernate.obj (.text:HibernateRTCGet)
                  00000658    0000000c     tm4c123gh6pm_startup_ccs.obj (.text)
                  00000664    00000006     driverlib.lib : sysctl.obj (.text:SysCtlDelay)
                  0000066a    00000004     rtsv7M4_T_le_v4SPD16_eabi.lib : pre_init.c.obj (.text:_system_pre_init)
                  0000066e    00000004                                   : exit.c.obj (.text:abort:abort)

.const     0    00000674    0000006c     
                  00000674    0000006c     driverlib.lib : sysctl.obj (.const:g_pui32Xtals)

.cinit     0    00000000    00000000     UNINITIALIZED

.init_array 
*          0    00000000    00000000     UNINITIALIZED

.stack     0    20000000    00000200     UNINITIALIZED
                  20000000    00000004     rtsv7M4_T_le_v4SPD16_eabi.lib : boot_cortex_m.c.obj (.stack)
                  20000004    000001fc     --HOLE--

__llvm_prf_cnts 
*          0    20000000    00000000     UNINITIALIZED

MODULE SUMMARY

       Module                         code   ro data   rw data
       ------                         ----   -------   -------
    .\
       tm4c123gh6pm_startup_ccs.obj   12     620       0      
       main.obj                       80     0         0      
    +--+------------------------------+------+---------+---------+
       Total:                         92     620       0      
                                                              
    C:/ti/TivaWare_C_Series-2.2.0.295/driverlib/ccs/Debug/driverlib.lib
       sysctl.obj                     638    108       0      
       hibernate.obj                  248    0         0      
    +--+------------------------------+------+---------+---------+
       Total:                         886    108       0      
                                                              
    C:\ti\ccs1281\ccs\tools\compiler\ti-cgt-arm_20.2.7.LTS\lib\rtsv7M4_T_le_v4SPD16_eabi.lib
       boot_cortex_m.c.obj            44     0         0      
       exit.c.obj                     4      0         0      
       pre_init.c.obj                 4      0         0      
    +--+------------------------------+------+---------+---------+
       Total:                         52     0         0      
                                                              
       Stack:                         0      0         512    
    +--+------------------------------+------+---------+---------+
       Grand Total:                   1030   728       512    


GLOBAL SYMBOLS: SORTED ALPHABETICALLY BY Name 

address   name                   
-------   ----                   
0000066f  C$$EXIT                
000005f1  HibernateEnableExpClk  
00000605  HibernateRTCEnable     
0000064d  HibernateRTCGet        
0000062d  HibernateRTCMatchSet   
00000599  HibernateRTCSet        
00000619  HibernateRequest       
00000479  HibernateWakeSet       
00000659  ResetISR               
0000026d  SysCtlClockGet         
00000385  SysCtlClockSet         
00000665  SysCtlDelay            
00000565  SysCtlPeripheralEnable 
0000052d  SysCtlPeripheralReady  
20000200  __STACK_END            
00000200  __STACK_SIZE           
20000200  __STACK_TOP            
ffffffff  __TI_pprof_out_hndl    
ffffffff  __TI_prof_data_size    
ffffffff  __TI_prof_data_start   
00000000  __TI_static_base__     
ffffffff  __binit__              
ffffffff  __c_args__             
UNDEFED   __mpu_init             
20000000  __stack                
20000000  __start___llvm_prf_cnts
20000000  __stop___llvm_prf_cnts 
000005c5  _c_int00_noinit_noargs 
0000066b  _system_pre_init       
0000066f  abort                  
ffffffff  binit                  
00000000  g_pfnVectors           
000004dd  main                   


GLOBAL SYMBOLS: SORTED BY Symbol Address 

address   name                   
-------   ----                   
00000000  __TI_static_base__     
00000000  g_pfnVectors           
00000200  __STACK_SIZE           
0000026d  SysCtlClockGet         
00000385  SysCtlClockSet         
00000479  HibernateWakeSet       
000004dd  main                   
0000052d  SysCtlPeripheralReady  
00000565  SysCtlPeripheralEnable 
00000599  HibernateRTCSet        
000005c5  _c_int00_noinit_noargs 
000005f1  HibernateEnableExpClk  
00000605  HibernateRTCEnable     
00000619  HibernateRequest       
0000062d  HibernateRTCMatchSet   
0000064d  HibernateRTCGet        
00000659  ResetISR               
00000665  SysCtlDelay            
0000066b  _system_pre_init       
0000066f  C$$EXIT                
0000066f  abort                  
20000000  __stack                
20000000  __start___llvm_prf_cnts
20000000  __stop___llvm_prf_cnts 
20000200  __STACK_END            
20000200  __STACK_TOP            
ffffffff  __TI_pprof_out_hndl    
ffffffff  __TI_prof_data_size    
ffffffff  __TI_prof_data_start   
ffffffff  __binit__              
ffffffff  __c_args__             
ffffffff  binit                  
UNDEFED   __mpu_init             

[33 symbols]
